............
.CCCC..SSSS.
.C.....S....
.C.....S....
.C.....S....
.C.....SSSS.
.C........S.
.C........S.
.CCCC..SSSS.
............
